// Jest Snapshot v1, https://goo.gl/fbAQLP

exports[`<SearchBar /> Testing structure of the SearchBar component 1`] = `
ShallowWrapper {
  "length": 1,
  Symbol(enzyme.__root__): [Circular],
  Symbol(enzyme.__unrendered__): <SearchBar
    handleChange={[Function]}
    toggleNewRecipeForm={[Function]}
  />,
  Symbol(enzyme.__renderer__): Object {
    "batchedUpdates": [Function],
    "getNode": [Function],
    "render": [Function],
    "simulateEvent": [Function],
    "unmount": [Function],
  },
  Symbol(enzyme.__node__): Object {
    "instance": null,
    "key": null,
    "nodeType": "host",
    "props": Object {
      "children": Array [
        <input
          name="searchBar"
          onChange={[Function]}
          placeholder="Look for a recipe..."
          type="text"
          value={undefined}
        />,
        <button
          onClick={[Function]}
        >
          +
        </button>,
      ],
    },
    "ref": null,
    "rendered": Array [
      Object {
        "instance": null,
        "key": null,
        "nodeType": "host",
        "props": Object {
          "name": "searchBar",
          "onChange": [Function],
          "placeholder": "Look for a recipe...",
          "type": "text",
          "value": undefined,
        },
        "ref": null,
        "rendered": null,
        "type": "input",
      },
      Object {
        "instance": null,
        "key": null,
        "nodeType": "host",
        "props": Object {
          "children": "+",
          "onClick": [Function],
        },
        "ref": null,
        "rendered": "+",
        "type": "button",
      },
    ],
    "type": "div",
  },
  Symbol(enzyme.__nodes__): Array [
    Object {
      "instance": null,
      "key": null,
      "nodeType": "host",
      "props": Object {
        "children": Array [
          <input
            name="searchBar"
            onChange={[Function]}
            placeholder="Look for a recipe..."
            type="text"
            value={undefined}
          />,
          <button
            onClick={[Function]}
          >
            +
          </button>,
        ],
      },
      "ref": null,
      "rendered": Array [
        Object {
          "instance": null,
          "key": null,
          "nodeType": "host",
          "props": Object {
            "name": "searchBar",
            "onChange": [Function],
            "placeholder": "Look for a recipe...",
            "type": "text",
            "value": undefined,
          },
          "ref": null,
          "rendered": null,
          "type": "input",
        },
        Object {
          "instance": null,
          "key": null,
          "nodeType": "host",
          "props": Object {
            "children": "+",
            "onClick": [Function],
          },
          "ref": null,
          "rendered": "+",
          "type": "button",
        },
      ],
      "type": "div",
    },
  ],
  Symbol(enzyme.__options__): Object {
    "adapter": ReactFifteenAdapter {
      "options": Object {
        "supportPrevContextArgumentOfComponentDidUpdate": true,
      },
    },
  },
}
`;
